[tsalaya.com/index.html]
[backblue.gif]
[fade.gif]
[index.html]
[tsalaya.com/remote-login4f98.html]
[tsalaya.com/osd.xml]
[tsalaya.com/feed/index.html]
[tsalaya.com/indexdd8f.html]
[tsalaya.com/wp-content/plugins/ie-sitemode/custom-jumplist.php]
[tsalaya.com/comments/feed/index.html]
[tsalaya.com/2023/02/10/ve-ten-goi-ts-alaya/index.html]
[tsalaya.com/list-of-posts/index.html]
[tsalaya.com/index.html]
[tsalaya.com/wp-content/js/bilmur.min2b25.js]
[tsalaya.com/2023/02/25/boi-nuoc-va-boi-tien-do/index.html]
[tsalaya.com/xmlrpc.php]
[tsalaya.com/category/life/index.html]
[tsalaya.com/remote-login4f98.html]
[tsalaya.com/category/work/productivity/index.html]
[tsalaya.com/indexdd8f.html]
[tsalaya.com/author/tsalaya/index.html]
[tsalaya.com/list-of-posts/index.html]
[tsalaya.com/category/work/index.html]
[tsalaya.com/2023/02/10/ve-ten-goi-ts-alaya/index.html]
[tsalaya.com/2023/02/05/thu-nhi-tu-cho-thu-ba-tu-chua/index.html]
[tsalaya.com/2023/01/30/quan-ly-thoi-gian-bai-so-2-ivy-lee-einstein-window-calendar-settings/index.html]
[tsalaya.com/category/life/index.html]
[tsalaya.com/2023/01/05/quan-ly-thoi-gian-bai-so-0/index.html]
[tsalaya.com/author/tsalaya/index.html]
[tsalaya.com/2023/01/10/quan-ly-thoi-gian-bai-so-1-nguyen-tac-eisenhower/index.html]
[tsalaya.com/2023/02/25/boi-nuoc-va-boi-tien-do/index.html]
[tsalaya.com/2023/01/25/mung-3-tet-thay/index.html]
[tsalaya.com/2023/01/20/chi-ton-ca/index.html]
[tsalaya.com/category/work/productivity/index.html]
[tsalaya.com/2023/01/15/ban-muon-di-dau/index.html]
[tsalaya.com/category/work/index.html]
[tsalaya.com/2022/12/15/mot-so-suy-nghi-ve-trao-quyen-trong-cong-viec-delegation/index.html]
[tsalaya.com/2023/02/05/thu-nhi-tu-cho-thu-ba-tu-chua/index.html]
[tsalaya.com/2022/12/30/lam-the-nao-de-ra-quyet-dinh/index.html]
[tsalaya.com/2023/01/30/quan-ly-thoi-gian-bai-so-2-ivy-lee-einstein-window-calendar-settings/index.html]
[tsalaya.com/2022/12/25/mot-so-suy-nghi-ve-trao-quyen-trong-cong-viec-delegation-phan-2/index.html]
[tsalaya.com/2023/01/05/quan-ly-thoi-gian-bai-so-0/index.html]
[tsalaya.com/page/2/index.html]
[tsalaya.com/2023/01/10/quan-ly-thoi-gian-bai-so-1-nguyen-tac-eisenhower/index.html]
[tsalaya.com/list-of-posts/indexcb5e.html]
[tsalaya.com/2023/01/25/mung-3-tet-thay/index.html]
[tsalaya.com/2023/01/20/chi-ton-ca/index.html]
[tsalaya.com/2023/01/15/ban-muon-di-dau/index.html]
[tsalaya.com/category/life/feed/index.html]
[tsalaya.com/2022/12/15/mot-so-suy-nghi-ve-trao-quyen-trong-cong-viec-delegation/index.html]
[tsalaya.com/2015/10/30/rua-va-ca/index.html]
[tsalaya.com/2022/12/25/mot-so-suy-nghi-ve-trao-quyen-trong-cong-viec-delegation-phan-2/index.html]
[tsalaya.com/2023/02/10/ve-ten-goi-ts-alaya/feed/index.html]
[tsalaya.com/2022/12/30/lam-the-nao-de-ra-quyet-dinh/index.html]
[tsalaya.com/2015/09/25/khong-ten-1/index.html]
[tsalaya.com/page/2/index.html]
[tsalaya.com/author/tsalaya/feed/index.html]
[tsalaya.com/list-of-posts/indexcb5e.html]
[tsalaya.com/list-of-posts/index9a7b.html]
[tsalaya.com/author/tsalaya/page/2/index.html]
[tsalaya.com/list-of-posts/index5a58.html]
[tsalaya.com/2023/02/10/ve-ten-goi-ts-alaya/index9a7b.html]
[tsalaya.com/category/work/productivity/feed/index.html]
[tsalaya.com/2023/02/10/ve-ten-goi-ts-alaya/index5a58.html]
[tsalaya.com/category/work/feed/index.html]
[tsalaya.com/2015/10/30/rua-va-ca/index.html]
[tsalaya.com/category/work/management/index.html]
[tsalaya.com/2015/09/25/khong-ten-1/index.html]
[tsalaya.com/2023/02/25/boi-nuoc-va-boi-tien-do/feed/index.html]
[tsalaya.com/author/tsalaya/page/2/index.html]
[tsalaya.com/2023/02/25/boi-nuoc-va-boi-tien-do/index9a7b.html]
[tsalaya.com/2023/02/05/thu-nhi-tu-cho-thu-ba-tu-chua/feed/index.html]
[tsalaya.com/2023/02/25/boi-nuoc-va-boi-tien-do/index5a58.html]
[tsalaya.com/category/work/management/index.html]
[tsalaya.com/2023/01/30/quan-ly-thoi-gian-bai-so-2-ivy-lee-einstein-window-calendar-settings/feed/index.html]
[tsalaya.com/2023/02/05/thu-nhi-tu-cho-thu-ba-tu-chua/index9a7b.html]
[tsalaya.com/2023/02/05/thu-nhi-tu-cho-thu-ba-tu-chua/index5a58.html]
[tsalaya.com/2023/01/30/quan-ly-thoi-gian-bai-so-2-ivy-lee-einstein-window-calendar-settings/index9a7b.html]
[tsalaya.com/2023/01/05/quan-ly-thoi-gian-bai-so-0/feed/index.html]
[tsalaya.com/2023/01/30/quan-ly-thoi-gian-bai-so-2-ivy-lee-einstein-window-calendar-settings/index5a58.html]
[tsalaya.com/2023/01/05/quan-ly-thoi-gian-bai-so-0/index9a7b.html]
[tsalaya.com/2023/01/10/quan-ly-thoi-gian-bai-so-1-nguyen-tac-eisenhower/feed/index.html]
[tsalaya.com/2023/01/05/quan-ly-thoi-gian-bai-so-0/index5a58.html]
[tsalaya.com/2023/01/10/quan-ly-thoi-gian-bai-so-1-nguyen-tac-eisenhower/index9a7b.html]
[tsalaya.com/2023/01/10/quan-ly-thoi-gian-bai-so-1-nguyen-tac-eisenhower/index5a58.html]
[tsalaya.com/2023/01/25/mung-3-tet-thay/feed/index.html]
[tsalaya.com/2023/01/25/mung-3-tet-thay/index9a7b.html]
[tsalaya.com/2023/01/25/mung-3-tet-thay/index5a58.html]
[tsalaya.com/2023/01/20/chi-ton-ca/feed/index.html]
[tsalaya.com/2023/01/20/chi-ton-ca/index9a7b.html]
[tsalaya.com/2023/01/20/chi-ton-ca/index5a58.html]
[tsalaya.com/2023/01/15/ban-muon-di-dau/feed/index.html]
[tsalaya.com/2023/01/15/ban-muon-di-dau/index9a7b.html]
[tsalaya.com/2023/01/15/ban-muon-di-dau/index5a58.html]
[tsalaya.com/2022/12/15/mot-so-suy-nghi-ve-trao-quyen-trong-cong-viec-delegation/feed/index.html]
[tsalaya.com/2022/12/15/mot-so-suy-nghi-ve-trao-quyen-trong-cong-viec-delegation/index9a7b.html]
[tsalaya.com/2022/12/15/mot-so-suy-nghi-ve-trao-quyen-trong-cong-viec-delegation/index5a58.html]
[tsalaya.com/2022/12/25/mot-so-suy-nghi-ve-trao-quyen-trong-cong-viec-delegation-phan-2/feed/index.html]
[tsalaya.com/2022/12/25/mot-so-suy-nghi-ve-trao-quyen-trong-cong-viec-delegation-phan-2/index9a7b.html]
[tsalaya.com/2022/12/30/lam-the-nao-de-ra-quyet-dinh/feed/index.html]
[tsalaya.com/2022/12/25/mot-so-suy-nghi-ve-trao-quyen-trong-cong-viec-delegation-phan-2/index5a58.html]
[tsalaya.com/list-of-posts/index51f3.html]
[tsalaya.com/list-of-posts/index2b9e.html]
[tsalaya.com/2022/12/30/lam-the-nao-de-ra-quyet-dinh/index9a7b.html]
[tsalaya.com/2022/12/30/lam-the-nao-de-ra-quyet-dinh/index5a58.html]
[tsalaya.com/2015/10/30/rua-va-ca/feed/index.html]
[tsalaya.com/list-of-posts/index51f3.html]
[tsalaya.com/list-of-posts/index2b9e.html]
[tsalaya.com/2015/10/30/rua-va-ca/index9a7b.html]
[tsalaya.com/category/work/management/feed/index.html]
[tsalaya.com/2015/10/30/rua-va-ca/index5a58.html]
[tsalaya.com/list-of-posts/index5776.html]
[tsalaya.com/2015/09/25/khong-ten-1/feed/index.html]
[tsalaya.com/2015/09/25/khong-ten-1/index9a7b.html]
[tsalaya.com/2015/09/25/khong-ten-1/index5a58.html]
[tsalaya.com/list-of-posts/index5776.html]
[tsalaya.com/list-of-posts/index58f7.html]
[tsalaya.com/list-of-posts/index58f7.html]
